Budget sanity check
generation calls: 9935
judge calls: 9935 for full run, handled by 03_judge_memos_full.py
judge stability reruns: 200 for full run
estimated full-run total API calls: 20070
estimated input tokens if avg context is 4k: about 80M tokens
pending generation tasks: 9910
generated 50/9910
generated 100/9910
generated 150/9910
generated 200/9910
generated 250/9910
generated 300/9910
generated 350/9910
generated 400/9910
generated 450/9910
generated 500/9910
generated 550/9910
generated 600/9910
generated 650/9910
generated 700/9910
generated 750/9910
generated 800/9910
generated 850/9910
generated 900/9910
generated 950/9910
generated 1000/9910
generated 1050/9910
generated 1100/9910
generated 1150/9910
generated 1200/9910
generated 1250/9910
generated 1300/9910
generated 1350/9910
generated 1400/9910
generated 1450/9910
generated 1500/9910
generated 1550/9910
generated 1600/9910
generated 1650/9910
generated 1700/9910
generated 1750/9910
generated 1800/9910
generated 1850/9910
generated 1900/9910
generated 1950/9910
generated 2000/9910
generated 2050/9910
generated 2100/9910
generated 2150/9910
generated 2200/9910
generated 2250/9910
generated 2300/9910
generated 2350/9910
generated 2400/9910
generated 2450/9910
generated 2500/9910
generated 2550/9910
generated 2600/9910
generated 2650/9910
generated 2700/9910
generated 2750/9910
generated 2800/9910
generated 2850/9910
generated 2900/9910
generated 2950/9910
generated 3000/9910
generated 3050/9910
generated 3100/9910
generated 3150/9910
generated 3200/9910
generated 3250/9910
generated 3300/9910
generated 3350/9910
generated 3400/9910
generated 3450/9910
generated 3500/9910
generated 3550/9910
generated 3600/9910
generated 3650/9910
generated 3700/9910
generated 3750/9910
generated 3800/9910
generated 3850/9910
generated 3900/9910
generated 3950/9910
generated 4000/9910
generated 4050/9910
generated 4100/9910
generated 4150/9910
generated 4200/9910
generated 4250/9910
generated 4300/9910
generated 4350/9910
generated 4400/9910
generated 4450/9910
generated 4500/9910
generated 4550/9910
generated 4600/9910
generated 4650/9910
generated 4700/9910
generated 4750/9910
generated 4800/9910
generated 4850/9910
generated 4900/9910
generated 4950/9910
generated 5000/9910
generated 5050/9910
generated 5100/9910
generated 5150/9910
generated 5200/9910
generated 5250/9910
generated 5300/9910
generated 5350/9910
generated 5400/9910
generated 5450/9910
generated 5500/9910
generated 5550/9910
generated 5600/9910
generated 5650/9910
generated 5700/9910
generated 5750/9910
generated 5800/9910
generated 5850/9910
generated 5900/9910
generated 5950/9910
generated 6000/9910
generated 6050/9910
generated 6100/9910
generated 6150/9910
generated 6200/9910
generated 6250/9910
generated 6300/9910
generated 6350/9910
generated 6400/9910
generated 6450/9910
generated 6500/9910
generated 6550/9910
generated 6600/9910
generated 6650/9910
generated 6700/9910
generated 6750/9910
generated 6800/9910
generated 6850/9910
generated 6900/9910
generated 6950/9910
generated 7000/9910
generated 7050/9910
generated 7100/9910
generated 7150/9910
generated 7200/9910
generated 7250/9910
generated 7300/9910
generated 7350/9910
generated 7400/9910
generated 7450/9910
generated 7500/9910
generated 7550/9910
generated 7600/9910
generated 7650/9910
generated 7700/9910
generated 7750/9910
generated 7800/9910
generated 7850/9910
generated 7900/9910
generated 7950/9910
generated 8000/9910
generated 8050/9910
generated 8100/9910
generated 8150/9910
generated 8200/9910
generated 8250/9910
generated 8300/9910
generated 8350/9910
generated 8400/9910
generated 8450/9910
generated 8500/9910
generated 8550/9910
generated 8600/9910
generated 8650/9910
generated 8700/9910
generated 8750/9910
generated 8800/9910
generated 8850/9910
generated 8900/9910
generated 8950/9910
generated 9000/9910
generated 9050/9910
generated 9100/9910
generated 9150/9910
generated 9200/9910
generated 9250/9910
generated 9300/9910
generated 9350/9910
generated 9400/9910
generated 9450/9910
generated 9500/9910
generated 9550/9910
generated 9600/9910
generated 9650/9910
generated 9700/9910
generated 9750/9910
generated 9800/9910
generated 9850/9910
generated 9900/9910
generated 9910/9910
